[2026-09-11T01:57:59.588+0000] {local_task_job_runner.py:123} INFO - ::group::Pre task execution logs
[2026-09-11T01:58:00.519+0000] {taskinstance.py:2614} INFO - Dependencies all met for dep_context=non-requeueable deps ti=<TaskInstance: countries_ingestion.extract_to_minio scheduled__2026-09-10T20:00:00+00:00 [queued]>
[2026-09-11T01:58:00.569+0000] {taskinstance.py:2614} INFO - Dependencies all met for dep_context=requeueable deps ti=<TaskInstance: countries_ingestion.extract_to_minio scheduled__2026-09-10T20:00:00+00:00 [queued]>
[2026-09-11T01:58:00.581+0000] {taskinstance.py:2867} INFO - Starting attempt 1 of 2
[2026-09-11T01:58:00.657+0000] {taskinstance.py:2890} INFO - Executing <Task(PythonOperator): extract_to_minio> on 2026-09-10 20:00:00+00:00
[2026-09-11T01:58:00.735+0000] {standard_task_runner.py:72} INFO - Started process 3092 to run task
[2026-09-11T01:58:00.745+0000] {standard_task_runner.py:104} INFO - Running: ['***', 'tasks', 'run', 'countries_ingestion', 'extract_to_minio', 'scheduled__2026-09-10T20:00:00+00:00', '--job-id', '27', '--raw', '--subdir', 'DAGS_FOLDER/countries_dag.py', '--cfg-path', '/tmp/tmpvnd7ov5j']
[2026-09-11T01:58:00.768+0000] {standard_task_runner.py:105} INFO - Job 27: Subtask extract_to_minio
[2026-09-11T01:58:01.001+0000] {task_command.py:467} INFO - Running <TaskInstance: countries_ingestion.extract_to_minio scheduled__2026-09-10T20:00:00+00:00 [running]> on host a10cd96d9f39
[2026-09-11T01:58:01.498+0000] {taskinstance.py:3134} INFO - Exporting env vars: AIRFLOW_CTX_DAG_OWNER='***' AIRFLOW_CTX_DAG_ID='countries_ingestion' AIRFLOW_CTX_TASK_ID='extract_to_minio' AIRFLOW_CTX_EXECUTION_DATE='2026-09-10T20:00:00+00:00' AIRFLOW_CTX_TRY_NUMBER='1' AIRFLOW_CTX_DAG_RUN_ID='scheduled__2026-09-10T20:00:00+00:00'
[2026-09-11T01:58:01.516+0000] {taskinstance.py:732} INFO - ::endgroup::
[2026-09-11T01:58:02.097+0000] {logging_mixin.py:190} INFO - Calling REST Countries API...
[2026-09-11T01:58:03.631+0000] {logging_mixin.py:190} INFO - API extraction successful.
[2026-09-11T01:58:03.635+0000] {logging_mixin.py:190} INFO - Connecting to MinIo...
[2026-09-11T01:58:03.975+0000] {logging_mixin.py:190} INFO - Uploaded JSON to MinIo: triplens/bronze/countries/countries_20260911T015803Z.json
[2026-09-11T01:58:03.979+0000] {python.py:240} INFO - Done. Returned value was: None
[2026-09-11T01:58:04.010+0000] {taskinstance.py:341} INFO - ::group::Post task execution logs
[2026-09-11T01:58:04.022+0000] {taskinstance.py:353} INFO - Marking task as SUCCESS. dag_id=countries_ingestion, task_id=extract_to_minio, run_id=scheduled__2026-09-10T20:00:00+00:00, execution_date=20260910T200000, start_date=20260911T015800, end_date=20260911T015804
[2026-09-11T01:58:04.212+0000] {local_task_job_runner.py:266} INFO - Task exited with return code 0
[2026-09-11T01:58:04.356+0000] {taskinstance.py:3901} INFO - 1 downstream tasks scheduled from follow-on schedule check
[2026-09-11T01:58:04.368+0000] {local_task_job_runner.py:245} INFO - ::endgroup::
