[2026-09-11T19:27:09.917+0000] {local_task_job_runner.py:123} INFO - ::group::Pre task execution logs
[2026-09-11T19:27:10.546+0000] {taskinstance.py:2614} INFO - Dependencies all met for dep_context=non-requeueable deps ti=<TaskInstance: countries_ingestion.load_to_snowflake scheduled__2026-09-11T00:00:00+00:00 [queued]>
[2026-09-11T19:27:10.595+0000] {taskinstance.py:2614} INFO - Dependencies all met for dep_context=requeueable deps ti=<TaskInstance: countries_ingestion.load_to_snowflake scheduled__2026-09-11T00:00:00+00:00 [queued]>
[2026-09-11T19:27:10.601+0000] {taskinstance.py:2867} INFO - Starting attempt 1 of 2
[2026-09-11T19:27:10.671+0000] {taskinstance.py:2890} INFO - Executing <Task(PythonOperator): load_to_snowflake> on 2026-09-11 00:00:00+00:00
[2026-09-11T19:27:10.711+0000] {standard_task_runner.py:72} INFO - Started process 224 to run task
[2026-09-11T19:27:10.742+0000] {standard_task_runner.py:104} INFO - Running: ['***', 'tasks', 'run', 'countries_ingestion', 'load_to_snowflake', 'scheduled__2026-09-11T00:00:00+00:00', '--job-id', '41', '--raw', '--subdir', 'DAGS_FOLDER/countries_dag.py', '--cfg-path', '/tmp/tmpauqdjh27']
[2026-09-11T19:27:10.774+0000] {standard_task_runner.py:105} INFO - Job 41: Subtask load_to_snowflake
[2026-09-11T19:27:11.013+0000] {task_command.py:467} INFO - Running <TaskInstance: countries_ingestion.load_to_snowflake scheduled__2026-09-11T00:00:00+00:00 [running]> on host 0cf0b7966e75
[2026-09-11T19:27:11.371+0000] {taskinstance.py:3134} INFO - Exporting env vars: AIRFLOW_CTX_DAG_OWNER='***' AIRFLOW_CTX_DAG_ID='countries_ingestion' AIRFLOW_CTX_TASK_ID='load_to_snowflake' AIRFLOW_CTX_EXECUTION_DATE='2026-09-11T00:00:00+00:00' AIRFLOW_CTX_TRY_NUMBER='1' AIRFLOW_CTX_DAG_RUN_ID='scheduled__2026-09-11T00:00:00+00:00'
[2026-09-11T19:27:11.380+0000] {taskinstance.py:732} INFO - ::endgroup::
[2026-09-11T19:27:11.450+0000] {minio_to_snowflake.py:79} INFO - Connecting to MinIO...
[2026-09-11T19:27:11.462+0000] {minio_to_snowflake.py:87} INFO - Connecting to Snowflake...
[2026-09-11T19:27:11.467+0000] {connection.py:424} INFO - Snowflake Connector for Python Version: 3.13.2, Python Version: 3.11.11, Platform: Linux-5.15.167.4-microsoft-standard-WSL2-x86_64-with-glibc2.36
[2026-09-11T19:27:11.472+0000] {connection.py:1213} INFO - Connecting to GLOBAL Snowflake domain
[2026-09-11T19:27:11.475+0000] {connection.py:1295} INFO - This connection is in OCSP Fail Open Mode. TLS Certificates would be checked for validity and revocation status. Any other Certificate Revocation related exceptions or OCSP Responder failures would be disregarded in favor of connectivity.
[2026-09-11T19:27:21.726+0000] {minio_to_snowflake.py:102} INFO - Current watermark: 2026-09-11 01:58:03.928000+00:00
[2026-09-11T19:27:21.915+0000] {minio_to_snowflake.py:118} INFO - Found 4 new file(s) to load.
[2026-09-11T19:27:21.944+0000] {minio_to_snowflake.py:124} INFO - Downloading bronze/countries/countries_20260911T022656Z.json...
[2026-09-11T19:27:22.101+0000] {minio_to_snowflake.py:128} INFO - Uploading countries_20260911T022656Z.json to Snowflake stage...
[2026-09-11T19:27:32.275+0000] {minio_to_snowflake.py:135} INFO - Loading countries_20260911T022656Z.json into COUNTRIES_RAW...
[2026-09-11T19:27:37.243+0000] {minio_to_snowflake.py:151} INFO - Loaded: bronze/countries/countries_20260911T022656Z.json
[2026-09-11T19:27:37.255+0000] {minio_to_snowflake.py:124} INFO - Downloading bronze/countries/countries_20260911T025047Z.json...
[2026-09-11T19:27:37.366+0000] {minio_to_snowflake.py:128} INFO - Uploading countries_20260911T025047Z.json to Snowflake stage...
[2026-09-11T19:27:37.905+0000] {minio_to_snowflake.py:135} INFO - Loading countries_20260911T025047Z.json into COUNTRIES_RAW...
[2026-09-11T19:27:39.904+0000] {minio_to_snowflake.py:151} INFO - Loaded: bronze/countries/countries_20260911T025047Z.json
[2026-09-11T19:27:39.908+0000] {minio_to_snowflake.py:124} INFO - Downloading bronze/countries/countries_20260911T192445Z.json...
[2026-09-11T19:27:39.953+0000] {minio_to_snowflake.py:128} INFO - Uploading countries_20260911T192445Z.json to Snowflake stage...
[2026-09-11T19:27:40.271+0000] {minio_to_snowflake.py:135} INFO - Loading countries_20260911T192445Z.json into COUNTRIES_RAW...
[2026-09-11T19:27:41.750+0000] {minio_to_snowflake.py:151} INFO - Loaded: bronze/countries/countries_20260911T192445Z.json
[2026-09-11T19:27:41.780+0000] {minio_to_snowflake.py:124} INFO - Downloading bronze/countries/countries_20260911T192658Z.json...
[2026-09-11T19:27:41.806+0000] {minio_to_snowflake.py:128} INFO - Uploading countries_20260911T192658Z.json to Snowflake stage...
[2026-09-11T19:27:42.235+0000] {minio_to_snowflake.py:135} INFO - Loading countries_20260911T192658Z.json into COUNTRIES_RAW...
[2026-09-11T19:27:43.733+0000] {minio_to_snowflake.py:151} INFO - Loaded: bronze/countries/countries_20260911T192658Z.json
[2026-09-11T19:27:43.737+0000] {connection.py:803} INFO - closed
[2026-09-11T19:27:43.791+0000] {connection.py:809} INFO - No async queries seem to be running, deleting session
[2026-09-11T19:27:43.863+0000] {minio_to_snowflake.py:157} INFO - SUCCESS: all new files loaded.
[2026-09-11T19:27:43.886+0000] {python.py:240} INFO - Done. Returned value was: None
[2026-09-11T19:27:43.988+0000] {taskinstance.py:341} INFO - ::group::Post task execution logs
[2026-09-11T19:27:43.992+0000] {taskinstance.py:353} INFO - Marking task as SUCCESS. dag_id=countries_ingestion, task_id=load_to_snowflake, run_id=scheduled__2026-09-11T00:00:00+00:00, execution_date=20260911T000000, start_date=20260911T192710, end_date=20260911T192743
[2026-09-11T19:27:44.117+0000] {local_task_job_runner.py:266} INFO - Task exited with return code 0
[2026-09-11T19:27:44.187+0000] {taskinstance.py:3901} INFO - 1 downstream tasks scheduled from follow-on schedule check
[2026-09-11T19:27:44.191+0000] {local_task_job_runner.py:245} INFO - ::endgroup::
