[2026-09-11T19:29:05.539+0000] {local_task_job_runner.py:123} INFO - ::group::Pre task execution logs
[2026-09-11T19:29:05.625+0000] {taskinstance.py:2614} INFO - Dependencies all met for dep_context=non-requeueable deps ti=<TaskInstance: countries_ingestion.extract_to_minio scheduled__2026-09-11T12:00:00+00:00 [queued]>
[2026-09-11T19:29:06.173+0000] {taskinstance.py:2614} INFO - Dependencies all met for dep_context=requeueable deps ti=<TaskInstance: countries_ingestion.extract_to_minio scheduled__2026-09-11T12:00:00+00:00 [queued]>
[2026-09-11T19:29:06.180+0000] {taskinstance.py:2867} INFO - Starting attempt 1 of 2
[2026-09-11T19:29:06.234+0000] {taskinstance.py:2890} INFO - Executing <Task(PythonOperator): extract_to_minio> on 2026-09-11 12:00:00+00:00
[2026-09-11T19:29:06.263+0000] {standard_task_runner.py:72} INFO - Started process 279 to run task
[2026-09-11T19:29:06.278+0000] {standard_task_runner.py:104} INFO - Running: ['***', 'tasks', 'run', 'countries_ingestion', 'extract_to_minio', 'scheduled__2026-09-11T12:00:00+00:00', '--job-id', '44', '--raw', '--subdir', 'DAGS_FOLDER/countries_dag.py', '--cfg-path', '/tmp/tmp5ng9nro1']
[2026-09-11T19:29:06.301+0000] {standard_task_runner.py:105} INFO - Job 44: Subtask extract_to_minio
[2026-09-11T19:29:06.519+0000] {task_command.py:467} INFO - Running <TaskInstance: countries_ingestion.extract_to_minio scheduled__2026-09-11T12:00:00+00:00 [running]> on host 0cf0b7966e75
[2026-09-11T19:29:06.859+0000] {taskinstance.py:3134} INFO - Exporting env vars: AIRFLOW_CTX_DAG_OWNER='***' AIRFLOW_CTX_DAG_ID='countries_ingestion' AIRFLOW_CTX_TASK_ID='extract_to_minio' AIRFLOW_CTX_EXECUTION_DATE='2026-09-11T12:00:00+00:00' AIRFLOW_CTX_TRY_NUMBER='1' AIRFLOW_CTX_DAG_RUN_ID='scheduled__2026-09-11T12:00:00+00:00'
[2026-09-11T19:29:06.869+0000] {taskinstance.py:732} INFO - ::endgroup::
[2026-09-11T19:29:06.929+0000] {logging_mixin.py:190} INFO - Calling REST Countries API...
[2026-09-11T19:29:07.323+0000] {logging_mixin.py:190} INFO - API extraction successful.
[2026-09-11T19:29:07.327+0000] {logging_mixin.py:190} INFO - Connecting to MinIo...
[2026-09-11T19:29:07.476+0000] {logging_mixin.py:190} INFO - Uploaded JSON to MinIo: triplens/bronze/countries/countries_20260911T192907Z.json
[2026-09-11T19:29:07.484+0000] {python.py:240} INFO - Done. Returned value was: None
[2026-09-11T19:29:07.522+0000] {taskinstance.py:341} INFO - ::group::Post task execution logs
[2026-09-11T19:29:07.530+0000] {taskinstance.py:353} INFO - Marking task as SUCCESS. dag_id=countries_ingestion, task_id=extract_to_minio, run_id=scheduled__2026-09-11T12:00:00+00:00, execution_date=20260911T120000, start_date=20260911T192905, end_date=20260911T192907
[2026-09-11T19:29:07.642+0000] {local_task_job_runner.py:266} INFO - Task exited with return code 0
[2026-09-11T19:29:07.740+0000] {taskinstance.py:3901} INFO - 1 downstream tasks scheduled from follow-on schedule check
[2026-09-11T19:29:07.748+0000] {local_task_job_runner.py:245} INFO - ::endgroup::
