[2026-09-11T20:01:29.154+0000] {local_task_job_runner.py:123} INFO - ::group::Pre task execution logs
[2026-09-11T20:01:29.213+0000] {taskinstance.py:2614} INFO - Dependencies all met for dep_context=non-requeueable deps ti=<TaskInstance: countries_ingestion.dbt_run scheduled__2026-09-11T16:00:00+00:00 [queued]>
[2026-09-11T20:01:29.559+0000] {taskinstance.py:2614} INFO - Dependencies all met for dep_context=requeueable deps ti=<TaskInstance: countries_ingestion.dbt_run scheduled__2026-09-11T16:00:00+00:00 [queued]>
[2026-09-11T20:01:29.561+0000] {taskinstance.py:2867} INFO - Starting attempt 1 of 2
[2026-09-11T20:01:29.593+0000] {taskinstance.py:2890} INFO - Executing <Task(PythonOperator): dbt_run> on 2026-09-11 16:00:00+00:00
[2026-09-11T20:01:29.618+0000] {standard_task_runner.py:72} INFO - Started process 242 to run task
[2026-09-11T20:01:29.632+0000] {standard_task_runner.py:104} INFO - Running: ['***', 'tasks', 'run', 'countries_ingestion', 'dbt_run', 'scheduled__2026-09-11T16:00:00+00:00', '--job-id', '51', '--raw', '--subdir', 'DAGS_FOLDER/countries_dag.py', '--cfg-path', '/tmp/tmpf3zpey95']
[2026-09-11T20:01:29.645+0000] {standard_task_runner.py:105} INFO - Job 51: Subtask dbt_run
[2026-09-11T20:01:29.758+0000] {task_command.py:467} INFO - Running <TaskInstance: countries_ingestion.dbt_run scheduled__2026-09-11T16:00:00+00:00 [running]> on host 0cf0b7966e75
[2026-09-11T20:01:29.981+0000] {taskinstance.py:3134} INFO - Exporting env vars: AIRFLOW_CTX_DAG_OWNER='***' AIRFLOW_CTX_DAG_ID='countries_ingestion' AIRFLOW_CTX_TASK_ID='dbt_run' AIRFLOW_CTX_EXECUTION_DATE='2026-09-11T16:00:00+00:00' AIRFLOW_CTX_TRY_NUMBER='1' AIRFLOW_CTX_DAG_RUN_ID='scheduled__2026-09-11T16:00:00+00:00'
[2026-09-11T20:01:29.984+0000] {taskinstance.py:732} INFO - ::endgroup::
[2026-09-11T20:02:06.127+0000] {logging_mixin.py:190} INFO - 20:01:37  Running with dbt=1.9.0
20:01:39  Registered adapter: snowflake=1.9.0
20:01:42  Found 2 models, 7 data tests, 1 source, 468 macros
20:01:42  
20:01:42  Concurrency: 4 threads (target='dev')
20:01:42  
20:01:56  1 of 2 START sql table model STAGING.stg_countries ............................. [RUN]
20:01:59  1 of 2 OK created sql table model STAGING.stg_countries ........................ [SUCCESS 1 in 2.22s]
20:01:59  2 of 2 START sql table model STAGING.dim_countries ............................. [RUN]
20:02:02  2 of 2 OK created sql table model STAGING.dim_countries ........................ [SUCCESS 1 in 3.76s]
20:02:03  
20:02:03  Finished running 2 table models in 0 hours 0 minutes and 20.99 seconds (20.99s).
20:02:04  
20:02:04  Completed successfully
20:02:04  
20:02:04  Done. PASS=2 WARN=0 ERROR=0 SKIP=0 TOTAL=2
[2026-09-11T20:02:06.135+0000] {python.py:240} INFO - Done. Returned value was: None
[2026-09-11T20:02:06.178+0000] {taskinstance.py:341} INFO - ::group::Post task execution logs
[2026-09-11T20:02:06.181+0000] {taskinstance.py:353} INFO - Marking task as SUCCESS. dag_id=countries_ingestion, task_id=dbt_run, run_id=scheduled__2026-09-11T16:00:00+00:00, execution_date=20260911T160000, start_date=20260911T200129, end_date=20260911T200206
[2026-09-11T20:02:06.282+0000] {local_task_job_runner.py:266} INFO - Task exited with return code 0
[2026-09-11T20:02:06.315+0000] {local_task_job_runner.py:245} INFO - ::endgroup::
