[2026-09-10T02:08:46.393+0000] {local_task_job_runner.py:123} INFO - ::group::Pre task execution logs
[2026-09-10T02:08:46.502+0000] {taskinstance.py:2614} INFO - Dependencies all met for dep_context=non-requeueable deps ti=<TaskInstance: countries_ingestion.extract_to_minio manual__2026-09-10T02:08:39.238967+00:00 [queued]>
[2026-09-10T02:08:46.583+0000] {taskinstance.py:2614} INFO - Dependencies all met for dep_context=requeueable deps ti=<TaskInstance: countries_ingestion.extract_to_minio manual__2026-09-10T02:08:39.238967+00:00 [queued]>
[2026-09-10T02:08:46.634+0000] {taskinstance.py:2867} INFO - Starting attempt 1 of 2
[2026-09-10T02:08:46.718+0000] {taskinstance.py:2890} INFO - Executing <Task(PythonOperator): extract_to_minio> on 2026-09-10 02:08:39.238967+00:00
[2026-09-10T02:08:46.768+0000] {standard_task_runner.py:72} INFO - Started process 319 to run task
[2026-09-10T02:08:46.788+0000] {standard_task_runner.py:104} INFO - Running: ['***', 'tasks', 'run', 'countries_ingestion', 'extract_to_minio', 'manual__2026-09-10T02:08:39.238967+00:00', '--job-id', '21', '--raw', '--subdir', 'DAGS_FOLDER/countries_dag.py', '--cfg-path', '/tmp/tmpix1tb7dn']
[2026-09-10T02:08:46.847+0000] {standard_task_runner.py:105} INFO - Job 21: Subtask extract_to_minio
[2026-09-10T02:08:48.034+0000] {task_command.py:467} INFO - Running <TaskInstance: countries_ingestion.extract_to_minio manual__2026-09-10T02:08:39.238967+00:00 [running]> on host a10cd96d9f39
[2026-09-10T02:08:48.518+0000] {taskinstance.py:3134} INFO - Exporting env vars: AIRFLOW_CTX_DAG_OWNER='***' AIRFLOW_CTX_DAG_ID='countries_ingestion' AIRFLOW_CTX_TASK_ID='extract_to_minio' AIRFLOW_CTX_EXECUTION_DATE='2026-09-10T02:08:39.238967+00:00' AIRFLOW_CTX_TRY_NUMBER='1' AIRFLOW_CTX_DAG_RUN_ID='manual__2026-09-10T02:08:39.238967+00:00'
[2026-09-10T02:08:48.526+0000] {taskinstance.py:732} INFO - ::endgroup::
[2026-09-10T02:08:48.817+0000] {logging_mixin.py:190} INFO - Calling REST Countries API...
[2026-09-10T02:08:49.866+0000] {logging_mixin.py:190} INFO - API extraction successful.
[2026-09-10T02:08:49.877+0000] {logging_mixin.py:190} INFO - Connecting to MinIo...
[2026-09-10T02:08:50.250+0000] {logging_mixin.py:190} INFO - Uploaded JSON to MinIo: triplens/bronze/countries/countries_20260910T020850Z.json
[2026-09-10T02:08:50.257+0000] {python.py:240} INFO - Done. Returned value was: None
[2026-09-10T02:08:50.315+0000] {taskinstance.py:341} INFO - ::group::Post task execution logs
[2026-09-10T02:08:50.319+0000] {taskinstance.py:353} INFO - Marking task as SUCCESS. dag_id=countries_ingestion, task_id=extract_to_minio, run_id=manual__2026-09-10T02:08:39.238967+00:00, execution_date=20260910T020839, start_date=20260910T020846, end_date=20260910T020850
[2026-09-10T02:08:50.462+0000] {local_task_job_runner.py:266} INFO - Task exited with return code 0
[2026-09-10T02:08:51.205+0000] {taskinstance.py:3901} INFO - 1 downstream tasks scheduled from follow-on schedule check
[2026-09-10T02:08:51.212+0000] {local_task_job_runner.py:245} INFO - ::endgroup::
