[2026-09-12T00:46:04.676+0000] {local_task_job_runner.py:123} INFO - ::group::Pre task execution logs
[2026-09-12T00:46:04.770+0000] {taskinstance.py:2614} INFO - Dependencies all met for dep_context=non-requeueable deps ti=<TaskInstance: countries_ingestion.dbt_run scheduled__2026-09-11T20:00:00+00:00 [queued]>
[2026-09-12T00:46:05.518+0000] {taskinstance.py:2614} INFO - Dependencies all met for dep_context=requeueable deps ti=<TaskInstance: countries_ingestion.dbt_run scheduled__2026-09-11T20:00:00+00:00 [queued]>
[2026-09-12T00:46:05.561+0000] {taskinstance.py:2867} INFO - Starting attempt 1 of 2
[2026-09-12T00:46:05.626+0000] {taskinstance.py:2890} INFO - Executing <Task(PythonOperator): dbt_run> on 2026-09-11 20:00:00+00:00
[2026-09-12T00:46:05.747+0000] {standard_task_runner.py:72} INFO - Started process 825 to run task
[2026-09-12T00:46:05.769+0000] {standard_task_runner.py:104} INFO - Running: ['***', 'tasks', 'run', 'countries_ingestion', 'dbt_run', 'scheduled__2026-09-11T20:00:00+00:00', '--job-id', '54', '--raw', '--subdir', 'DAGS_FOLDER/countries_dag.py', '--cfg-path', '/tmp/tmppa67wn9j']
[2026-09-12T00:46:05.790+0000] {standard_task_runner.py:105} INFO - Job 54: Subtask dbt_run
[2026-09-12T00:46:06.177+0000] {task_command.py:467} INFO - Running <TaskInstance: countries_ingestion.dbt_run scheduled__2026-09-11T20:00:00+00:00 [running]> on host 0cf0b7966e75
[2026-09-12T00:46:06.730+0000] {taskinstance.py:3134} INFO - Exporting env vars: AIRFLOW_CTX_DAG_OWNER='***' AIRFLOW_CTX_DAG_ID='countries_ingestion' AIRFLOW_CTX_TASK_ID='dbt_run' AIRFLOW_CTX_EXECUTION_DATE='2026-09-11T20:00:00+00:00' AIRFLOW_CTX_TRY_NUMBER='1' AIRFLOW_CTX_DAG_RUN_ID='scheduled__2026-09-11T20:00:00+00:00'
[2026-09-12T00:46:06.736+0000] {taskinstance.py:732} INFO - ::endgroup::
[2026-09-12T00:46:50.333+0000] {logging_mixin.py:190} INFO - 00:46:17  Running with dbt=1.9.0
00:46:21  Registered adapter: snowflake=1.9.0
00:46:25  Found 2 models, 7 data tests, 1 source, 468 macros
00:46:26  
00:46:26  Concurrency: 4 threads (target='dev')
00:46:26  
00:46:30  1 of 2 START sql table model STAGING.stg_countries ............................. [RUN]
00:46:33  1 of 2 OK created sql table model STAGING.stg_countries ........................ [SUCCESS 1 in 2.31s]
00:46:33  2 of 2 START sql table model STAGING.dim_countries ............................. [RUN]
00:46:37  2 of 2 OK created sql table model STAGING.dim_countries ........................ [SUCCESS 1 in 3.62s]
00:46:38  
00:46:39  Finished running 2 table models in 0 hours 0 minutes and 12.24 seconds (12.24s).
00:46:46  
00:46:46  Completed successfully
00:46:46  
00:46:46  Done. PASS=2 WARN=0 ERROR=0 SKIP=0 TOTAL=2
[2026-09-12T00:46:50.353+0000] {python.py:240} INFO - Done. Returned value was: None
[2026-09-12T00:46:50.522+0000] {taskinstance.py:341} INFO - ::group::Post task execution logs
[2026-09-12T00:46:50.530+0000] {taskinstance.py:353} INFO - Marking task as SUCCESS. dag_id=countries_ingestion, task_id=dbt_run, run_id=scheduled__2026-09-11T20:00:00+00:00, execution_date=20260911T200000, start_date=20260912T004604, end_date=20260912T004650
[2026-09-12T00:46:50.861+0000] {local_task_job_runner.py:266} INFO - Task exited with return code 0
[2026-09-12T00:46:50.993+0000] {taskinstance.py:3901} INFO - 0 downstream tasks scheduled from follow-on schedule check
[2026-09-12T00:46:51.018+0000] {local_task_job_runner.py:245} INFO - ::endgroup::
[2026-09-12T00:46:51.170+0000] {standard_task_runner.py:217} INFO - Process not found (most likely exited), stop collecting metrics
