[2026-09-10T02:21:07.078+0000] {local_task_job_runner.py:123} INFO - ::group::Pre task execution logs
[2026-09-10T02:21:07.146+0000] {taskinstance.py:2614} INFO - Dependencies all met for dep_context=non-requeueable deps ti=<TaskInstance: countries_ingestion.load_to_snowflake manual__2026-09-10T02:08:39.238967+00:00 [queued]>
[2026-09-10T02:21:07.181+0000] {taskinstance.py:2614} INFO - Dependencies all met for dep_context=requeueable deps ti=<TaskInstance: countries_ingestion.load_to_snowflake manual__2026-09-10T02:08:39.238967+00:00 [queued]>
[2026-09-10T02:21:07.194+0000] {taskinstance.py:2867} INFO - Starting attempt 3 of 4
[2026-09-10T02:21:07.238+0000] {taskinstance.py:2890} INFO - Executing <Task(PythonOperator): load_to_snowflake> on 2026-09-10 02:08:39.238967+00:00
[2026-09-10T02:21:07.266+0000] {standard_task_runner.py:72} INFO - Started process 490 to run task
[2026-09-10T02:21:07.278+0000] {standard_task_runner.py:104} INFO - Running: ['***', 'tasks', 'run', 'countries_ingestion', 'load_to_snowflake', 'manual__2026-09-10T02:08:39.238967+00:00', '--job-id', '24', '--raw', '--subdir', 'DAGS_FOLDER/countries_dag.py', '--cfg-path', '/tmp/tmp3j1dpdza']
[2026-09-10T02:21:07.287+0000] {standard_task_runner.py:105} INFO - Job 24: Subtask load_to_snowflake
[2026-09-10T02:21:08.122+0000] {task_command.py:467} INFO - Running <TaskInstance: countries_ingestion.load_to_snowflake manual__2026-09-10T02:08:39.238967+00:00 [running]> on host a10cd96d9f39
[2026-09-10T02:21:08.998+0000] {taskinstance.py:3134} INFO - Exporting env vars: AIRFLOW_CTX_DAG_OWNER='***' AIRFLOW_CTX_DAG_ID='countries_ingestion' AIRFLOW_CTX_TASK_ID='load_to_snowflake' AIRFLOW_CTX_EXECUTION_DATE='2026-09-10T02:08:39.238967+00:00' AIRFLOW_CTX_TRY_NUMBER='3' AIRFLOW_CTX_DAG_RUN_ID='manual__2026-09-10T02:08:39.238967+00:00'
[2026-09-10T02:21:09.114+0000] {taskinstance.py:732} INFO - ::endgroup::
[2026-09-10T02:21:09.299+0000] {minio_to_snowflake.py:79} INFO - Connecting to MinIO...
[2026-09-10T02:21:09.321+0000] {minio_to_snowflake.py:87} INFO - Connecting to Snowflake...
[2026-09-10T02:21:09.355+0000] {connection.py:424} INFO - Snowflake Connector for Python Version: 3.13.2, Python Version: 3.11.11, Platform: Linux-5.15.167.4-microsoft-standard-WSL2-x86_64-with-glibc2.36
[2026-09-10T02:21:09.361+0000] {connection.py:1213} INFO - Connecting to GLOBAL Snowflake domain
[2026-09-10T02:21:09.377+0000] {connection.py:1295} INFO - This connection is in OCSP Fail Open Mode. TLS Certificates would be checked for validity and revocation status. Any other Certificate Revocation related exceptions or OCSP Responder failures would be disregarded in favor of connectivity.
[2026-09-10T02:21:12.369+0000] {minio_to_snowflake.py:102} INFO - Current watermark: 2026-08-29 19:16:13.783000+00:00
[2026-09-10T02:21:12.478+0000] {minio_to_snowflake.py:118} INFO - Found 2 new file(s) to load.
[2026-09-10T02:21:12.493+0000] {minio_to_snowflake.py:124} INFO - Downloading bronze/countries/countries_20260910T020000Z.json...
[2026-09-10T02:21:12.586+0000] {minio_to_snowflake.py:128} INFO - Uploading countries_20260910T020000Z.json to Snowflake stage...
[2026-09-10T02:21:23.705+0000] {minio_to_snowflake.py:135} INFO - Loading countries_20260910T020000Z.json into COUNTRIES_RAW...
[2026-09-10T02:21:26.073+0000] {minio_to_snowflake.py:151} INFO - Loaded: bronze/countries/countries_20260910T020000Z.json
[2026-09-10T02:21:26.086+0000] {minio_to_snowflake.py:124} INFO - Downloading bronze/countries/countries_20260910T020850Z.json...
[2026-09-10T02:21:26.187+0000] {minio_to_snowflake.py:128} INFO - Uploading countries_20260910T020850Z.json to Snowflake stage...
[2026-09-10T02:21:26.648+0000] {minio_to_snowflake.py:135} INFO - Loading countries_20260910T020850Z.json into COUNTRIES_RAW...
[2026-09-10T02:21:28.641+0000] {minio_to_snowflake.py:151} INFO - Loaded: bronze/countries/countries_20260910T020850Z.json
[2026-09-10T02:21:28.661+0000] {connection.py:803} INFO - closed
[2026-09-10T02:21:28.762+0000] {connection.py:809} INFO - No async queries seem to be running, deleting session
[2026-09-10T02:21:28.844+0000] {minio_to_snowflake.py:157} INFO - SUCCESS: all new files loaded.
[2026-09-10T02:21:28.884+0000] {python.py:240} INFO - Done. Returned value was: None
[2026-09-10T02:21:29.163+0000] {taskinstance.py:341} INFO - ::group::Post task execution logs
[2026-09-10T02:21:29.168+0000] {taskinstance.py:353} INFO - Marking task as SUCCESS. dag_id=countries_ingestion, task_id=load_to_snowflake, run_id=manual__2026-09-10T02:08:39.238967+00:00, execution_date=20260910T020839, start_date=20260910T022107, end_date=20260910T022129
[2026-09-10T02:21:29.401+0000] {local_task_job_runner.py:266} INFO - Task exited with return code 0
[2026-09-10T02:21:29.514+0000] {taskinstance.py:3901} INFO - 1 downstream tasks scheduled from follow-on schedule check
[2026-09-10T02:21:29.523+0000] {local_task_job_runner.py:245} INFO - ::endgroup::
