[2026-09-10T02:21:34.381+0000] {local_task_job_runner.py:123} INFO - ::group::Pre task execution logs
[2026-09-10T02:21:34.461+0000] {taskinstance.py:2614} INFO - Dependencies all met for dep_context=non-requeueable deps ti=<TaskInstance: countries_ingestion.dbt_run manual__2026-09-10T02:08:39.238967+00:00 [queued]>
[2026-09-10T02:21:34.543+0000] {taskinstance.py:2614} INFO - Dependencies all met for dep_context=requeueable deps ti=<TaskInstance: countries_ingestion.dbt_run manual__2026-09-10T02:08:39.238967+00:00 [queued]>
[2026-09-10T02:21:34.552+0000] {taskinstance.py:2867} INFO - Starting attempt 1 of 2
[2026-09-10T02:21:34.669+0000] {taskinstance.py:2890} INFO - Executing <Task(BashOperator): dbt_run> on 2026-09-10 02:08:39.238967+00:00
[2026-09-10T02:21:34.708+0000] {standard_task_runner.py:72} INFO - Started process 506 to run task
[2026-09-10T02:21:34.728+0000] {standard_task_runner.py:104} INFO - Running: ['***', 'tasks', 'run', 'countries_ingestion', 'dbt_run', 'manual__2026-09-10T02:08:39.238967+00:00', '--job-id', '25', '--raw', '--subdir', 'DAGS_FOLDER/countries_dag.py', '--cfg-path', '/tmp/tmplmbsw3gd']
[2026-09-10T02:21:34.759+0000] {standard_task_runner.py:105} INFO - Job 25: Subtask dbt_run
[2026-09-10T02:21:35.552+0000] {task_command.py:467} INFO - Running <TaskInstance: countries_ingestion.dbt_run manual__2026-09-10T02:08:39.238967+00:00 [running]> on host a10cd96d9f39
[2026-09-10T02:21:35.861+0000] {taskinstance.py:3134} INFO - Exporting env vars: AIRFLOW_CTX_DAG_OWNER='***' AIRFLOW_CTX_DAG_ID='countries_ingestion' AIRFLOW_CTX_TASK_ID='dbt_run' AIRFLOW_CTX_EXECUTION_DATE='2026-09-10T02:08:39.238967+00:00' AIRFLOW_CTX_TRY_NUMBER='1' AIRFLOW_CTX_DAG_RUN_ID='manual__2026-09-10T02:08:39.238967+00:00'
[2026-09-10T02:21:35.865+0000] {taskinstance.py:732} INFO - ::endgroup::
[2026-09-10T02:21:35.928+0000] {subprocess.py:78} INFO - Tmp dir root location: /tmp
[2026-09-10T02:21:35.938+0000] {subprocess.py:88} INFO - Running command: ['/usr/bin/bash', '-c', '\n            dbt run                 --project-dir /opt/***/dbt/triplens_dbt                 --profiles-dir /opt/***/dbt/profiles\n        ']
[2026-09-10T02:21:35.987+0000] {subprocess.py:99} INFO - Output:
[2026-09-10T02:21:36.109+0000] {subprocess.py:106} INFO - /usr/bin/bash: line 2: dbt: command not found
[2026-09-10T02:21:36.114+0000] {subprocess.py:110} INFO - Command exited with return code 127
[2026-09-10T02:21:36.160+0000] {taskinstance.py:3313} ERROR - Task failed with exception
Traceback (most recent call last):
  File "/home/airflow/.local/lib/python3.11/site-packages/airflow/models/taskinstance.py", line 768, in _execute_task
    result = _execute_callable(context=context, **execute_callable_kwargs)
             ^^^^^^^^^^^^^^^^^^^^^^^^^^^^^^^^^^^^^^^^^^^^^^^^^^^^^^^^^^^^^
  File "/home/airflow/.local/lib/python3.11/site-packages/airflow/models/taskinstance.py", line 734, in _execute_callable
    return ExecutionCallableRunner(
           ^^^^^^^^^^^^^^^^^^^^^^^^
  File "/home/airflow/.local/lib/python3.11/site-packages/airflow/utils/operator_helpers.py", line 252, in run
    return self.func(*args, **kwargs)
           ^^^^^^^^^^^^^^^^^^^^^^^^^^
  File "/home/airflow/.local/lib/python3.11/site-packages/airflow/models/baseoperator.py", line 424, in wrapper
    return func(self, *args, **kwargs)
           ^^^^^^^^^^^^^^^^^^^^^^^^^^^
  File "/home/airflow/.local/lib/python3.11/site-packages/airflow/operators/bash.py", line 276, in execute
    raise AirflowException(
airflow.exceptions.AirflowException: Bash command failed. The command returned a non-zero exit code 127.
[2026-09-10T02:21:36.218+0000] {taskinstance.py:1226} INFO - Marking task as UP_FOR_RETRY. dag_id=countries_ingestion, task_id=dbt_run, run_id=manual__2026-09-10T02:08:39.238967+00:00, execution_date=20260910T020839, start_date=20260910T022134, end_date=20260910T022136
[2026-09-10T02:21:36.348+0000] {taskinstance.py:341} INFO - ::group::Post task execution logs
[2026-09-10T02:21:36.368+0000] {standard_task_runner.py:124} ERROR - Failed to execute job 25 for task dbt_run (Bash command failed. The command returned a non-zero exit code 127.; 506)
Traceback (most recent call last):
  File "/home/airflow/.local/lib/python3.11/site-packages/airflow/task/task_runner/standard_task_runner.py", line 117, in _start_by_fork
    ret = args.func(args, dag=self.dag)
          ^^^^^^^^^^^^^^^^^^^^^^^^^^^^^
  File "/home/airflow/.local/lib/python3.11/site-packages/airflow/cli/cli_config.py", line 49, in command
    return func(*args, **kwargs)
           ^^^^^^^^^^^^^^^^^^^^^
  File "/home/airflow/.local/lib/python3.11/site-packages/airflow/utils/cli.py", line 116, in wrapper
    return f(*args, **kwargs)
           ^^^^^^^^^^^^^^^^^^
  File "/home/airflow/.local/lib/python3.11/site-packages/airflow/cli/commands/task_command.py", line 483, in task_run
    task_return_code = _run_task_by_selected_method(args, _dag, ti)
                       ^^^^^^^^^^^^^^^^^^^^^^^^^^^^^^^^^^^^^^^^^^^^
  File "/home/airflow/.local/lib/python3.11/site-packages/airflow/cli/commands/task_command.py", line 256, in _run_task_by_selected_method
    return _run_raw_task(args, ti)
           ^^^^^^^^^^^^^^^^^^^^^^^
  File "/home/airflow/.local/lib/python3.11/site-packages/airflow/cli/commands/task_command.py", line 341, in _run_raw_task
    return ti._run_raw_task(
           ^^^^^^^^^^^^^^^^^
  File "/home/airflow/.local/lib/python3.11/site-packages/airflow/utils/session.py", line 97, in wrapper
    return func(*args, session=session, **kwargs)
           ^^^^^^^^^^^^^^^^^^^^^^^^^^^^^^^^^^^^^^
  File "/home/airflow/.local/lib/python3.11/site-packages/airflow/models/taskinstance.py", line 3006, in _run_raw_task
    return _run_raw_task(
           ^^^^^^^^^^^^^^
  File "/home/airflow/.local/lib/python3.11/site-packages/airflow/models/taskinstance.py", line 274, in _run_raw_task
    TaskInstance._execute_task_with_callbacks(
  File "/home/airflow/.local/lib/python3.11/site-packages/airflow/models/taskinstance.py", line 3161, in _execute_task_with_callbacks
    result = self._execute_task(context, task_orig)
             ^^^^^^^^^^^^^^^^^^^^^^^^^^^^^^^^^^^^^^
  File "/home/airflow/.local/lib/python3.11/site-packages/airflow/models/taskinstance.py", line 3185, in _execute_task
    return _execute_task(self, context, task_orig)
           ^^^^^^^^^^^^^^^^^^^^^^^^^^^^^^^^^^^^^^^
  File "/home/airflow/.local/lib/python3.11/site-packages/airflow/models/taskinstance.py", line 768, in _execute_task
    result = _execute_callable(context=context, **execute_callable_kwargs)
             ^^^^^^^^^^^^^^^^^^^^^^^^^^^^^^^^^^^^^^^^^^^^^^^^^^^^^^^^^^^^^
  File "/home/airflow/.local/lib/python3.11/site-packages/airflow/models/taskinstance.py", line 734, in _execute_callable
    return ExecutionCallableRunner(
           ^^^^^^^^^^^^^^^^^^^^^^^^
  File "/home/airflow/.local/lib/python3.11/site-packages/airflow/utils/operator_helpers.py", line 252, in run
    return self.func(*args, **kwargs)
           ^^^^^^^^^^^^^^^^^^^^^^^^^^
  File "/home/airflow/.local/lib/python3.11/site-packages/airflow/models/baseoperator.py", line 424, in wrapper
    return func(self, *args, **kwargs)
           ^^^^^^^^^^^^^^^^^^^^^^^^^^^
  File "/home/airflow/.local/lib/python3.11/site-packages/airflow/operators/bash.py", line 276, in execute
    raise AirflowException(
airflow.exceptions.AirflowException: Bash command failed. The command returned a non-zero exit code 127.
[2026-09-10T02:21:36.456+0000] {local_task_job_runner.py:266} INFO - Task exited with return code 1
[2026-09-10T02:21:36.930+0000] {taskinstance.py:3901} INFO - 0 downstream tasks scheduled from follow-on schedule check
[2026-09-10T02:21:36.944+0000] {local_task_job_runner.py:245} INFO - ::endgroup::
